Source compile order for 'synthesis' with fileset 'sources_1' in source management mode 'None':
Index  File Name                         Used_In      File_Type  Library         Ngc Wrapper  Full Path Name
-----  --------------------------------  -----------  ---------  --------------  -----------  ----------------------------------------------------------------------------------------------------------------------------------------------------------------------------
1      fpnew_pkg.sv                      Synth & Sim  SVerilog   xil_defaultlib  No           /net/users/oelmouden/internship/cva6/work/fmax_synthesis/vivado/xc7a100t-csg324-1/CVA6/cvxif/rtl/cvfpu/src/fpnew_pkg.sv
2      config_pkg.sv                     Synth & Sim  SVerilog   xil_defaultlib  No           /net/users/oelmouden/internship/cva6/work/fmax_synthesis/vivado/xc7a100t-csg324-1/CVA6/cvxif/rtl/include/config_pkg.sv
3      cv64a6_imafdc_sv39_config_pkg.sv  Synth & Sim  SVerilog   xil_defaultlib  No           /net/users/oelmouden/internship/cva6/work/fmax_synthesis/vivado/xc7a100t-csg324-1/CVA6/cvxif/rtl/include/cv64a6_imafdc_sv39_config_pkg.sv
4      riscv_pkg.sv                      Synth & Sim  SVerilog   xil_defaultlib  No           /net/users/oelmouden/internship/cva6/work/fmax_synthesis/vivado/xc7a100t-csg324-1/CVA6/cvxif/rtl/include/riscv_pkg.sv
5      axi_pkg.sv                        Synth & Sim  SVerilog   xil_defaultlib  No           /net/users/oelmouden/internship/cva6/work/fmax_synthesis/vivado/xc7a100t-csg324-1/CVA6/cvxif/rtl/axi_pkg.sv
6      ariane_pkg.sv                     Synth & Sim  SVerilog   xil_defaultlib  No           /net/users/oelmouden/internship/cva6/work/fmax_synthesis/vivado/xc7a100t-csg324-1/CVA6/cvxif/rtl/include/ariane_pkg.sv
7      build_config_pkg.sv               Synth & Sim  SVerilog   xil_defaultlib  No           /net/users/oelmouden/internship/cva6/work/fmax_synthesis/vivado/xc7a100t-csg324-1/CVA6/cvxif/rtl/include/build_config_pkg.sv
8      wt_cache_pkg.sv                   Synth & Sim  SVerilog   xil_defaultlib  No           /net/users/oelmouden/internship/cva6/work/fmax_synthesis/vivado/xc7a100t-csg324-1/CVA6/cvxif/rtl/include/wt_cache_pkg.sv
9      std_cache_pkg.sv                  Synth & Sim  SVerilog   xil_defaultlib  No           /net/users/oelmouden/internship/cva6/work/fmax_synthesis/vivado/xc7a100t-csg324-1/CVA6/cvxif/rtl/include/std_cache_pkg.sv
10     instr_tracer_pkg.sv               Synth & Sim  SVerilog   xil_defaultlib  No           /net/users/oelmouden/internship/cva6/work/fmax_synthesis/vivado/xc7a100t-csg324-1/CVA6/cvxif/rtl/include/instr_tracer_pkg.sv
11     aes_pkg.sv                        Synth & Sim  SVerilog   xil_defaultlib  No           /net/users/oelmouden/internship/cva6/work/fmax_synthesis/vivado/xc7a100t-csg324-1/CVA6/cvxif/rtl/include/aes_pkg.sv
12     dummy_l15_pkg.sv                  Synth & Sim  SVerilog   xil_defaultlib  No           /net/users/oelmouden/internship/cva6/work/fmax_synthesis/vivado/xc7a100t-csg324-1/CVA6/cvxif/rtl/include/dummy_l15_pkg.sv
13     triggers_pkg.sv                   Synth & Sim  SVerilog   xil_defaultlib  No           /net/users/oelmouden/internship/cva6/work/fmax_synthesis/vivado/xc7a100t-csg324-1/CVA6/cvxif/rtl/include/triggers_pkg.sv
14     tb_pkg.sv                         Synth & Sim  SVerilog   xil_defaultlib  No           /net/users/oelmouden/internship/cva6/work/fmax_synthesis/vivado/xc7a100t-csg324-1/CVA6/cvxif/rtl/pmp/tb/tb_pkg.sv
15     cvxif_instr_pkg.sv                Synth & Sim  SVerilog   xil_defaultlib  No           /net/users/oelmouden/internship/cva6/work/fmax_synthesis/vivado/xc7a100t-csg324-1/CVA6/cvxif/rtl/cvxif_example/include/cvxif_instr_pkg.sv
16     cb_filter_pkg.sv                  Synth & Sim  SVerilog   xil_defaultlib  No           /net/users/oelmouden/internship/cva6/work/fmax_synthesis/vivado/xc7a100t-csg324-1/CVA6/cvxif/rtl/cvfpu/src/common_cells/src/cb_filter_pkg.sv
17     cf_math_pkg.sv                    Synth & Sim  SVerilog   xil_defaultlib  No           /net/users/oelmouden/internship/cva6/work/fmax_synthesis/vivado/xc7a100t-csg324-1/CVA6/cvxif/rtl/cvfpu/src/common_cells/src/cf_math_pkg.sv
18     ecc_pkg.sv                        Synth & Sim  SVerilog   xil_defaultlib  No           /net/users/oelmouden/internship/cva6/work/fmax_synthesis/vivado/xc7a100t-csg324-1/CVA6/cvxif/rtl/cvfpu/src/common_cells/src/ecc_pkg.sv
19     hpdcache_pkg.sv                   Synth & Sim  SVerilog   xil_defaultlib  No           /net/users/oelmouden/internship/cva6/work/fmax_synthesis/vivado/xc7a100t-csg324-1/CVA6/cvxif/rtl/cache_subsystem/hpdcache/rtl/src/hpdcache_pkg.sv
20     hwpf_stride_pkg.sv                Synth & Sim  SVerilog   xil_defaultlib  No           /net/users/oelmouden/internship/cva6/work/fmax_synthesis/vivado/xc7a100t-csg324-1/CVA6/cvxif/rtl/cache_subsystem/hpdcache/rtl/src/hwpf_stride/hwpf_stride_pkg.sv
21     cva6_op_hpdcache_params_pkg.sv    Synth & Sim  SVerilog   xil_defaultlib  No           /net/users/oelmouden/internship/cva6/work/fmax_synthesis/vivado/xc7a100t-csg324-1/CVA6/cvxif/rtl/cache_subsystem/hpdcache/rtl/src/target/cva6/cva6_op_hpdcache_params_pkg.sv
22     prim_secded_pkg.sv                Synth & Sim  SVerilog   xil_defaultlib  No           /net/users/oelmouden/internship/cva6/work/fmax_synthesis/vivado/xc7a100t-csg324-1/CVA6/cvxif/rtl/cache_subsystem/hpdcache/rtl/src/utils/ecc/prim_secded_pkg.sv
23     _vivado_ordered_rtl_only.sv       Synth & Sim  SVerilog   xil_defaultlib  No           /net/users/oelmouden/internship/cva6/work/fmax_synthesis/vivado/xc7a100t-csg324-1/CVA6/cvxif/rtl/_vivado_ordered_rtl_only.sv


Missing instances for 'synthesis' with fileset 'sources_1':
< empty >


